npm install @angular-devkit/schematics
=====================================================
C:\WINDOWS\system32>npm install -g @angular/cli

C:\WINDOWS\system32>npm uninstall -g @angular/cli
up to date in 0.028s

C:\WINDOWS\system32>npm uninstall -g @angular/cli
up to date in 0.028s

C:\WINDOWS\system32>npm cache clean --force
npm WARN using --force I sure hope you know what you are doing.

C:\WINDOWS\system32>npm install -g @angular/cli
npm WARN deprecated request@2.88.2: request has been deprecated, see https://github.com/request/request/issues/3142
C:\Users\Marwan\AppData\Roaming\npm\ng -> C:\Users\Marwan\AppData\Roaming\npm\node_modules\@angular\cli\bin\ng

> @angular/cli@9.1.4 postinstall C:\Users\Marwan\AppData\Roaming\npm\node_modules\@angular\cli
> node ./bin/postinstall/script.js

+ @angular/cli@9.1.4
added 271 packages from 206 contributors in 85.577s

C:\WINDOWS\system32>ng -v
Available Commands:
  add Adds support for an external library to your project.
  analytics Configures the gathering of Angular CLI usage metrics. See https://angular.io/cli/usage-analytics-gathering.
  build (b) Compiles an Angular app into an output directory named dist/ at the given output path. Must be executed from within a workspace directory.
  deploy Invokes the deploy builder for a specified project or for the default project in the workspace.
  config Retrieves or sets Angular configuration values in the angular.json file for the workspace.
  doc (d) Opens the official Angular documentation (angular.io) in a browser, and searches for a given keyword.
  e2e (e) Builds and serves an Angular app, then runs end-to-end tests using Protractor.
  generate (g) Generates and/or modifies files based on a schematic.
  help Lists available commands and their short descriptions.
  lint (l) Runs linting tools on Angular app code in a given project folder.
  new (n) Creates a new workspace and an initial Angular app.
  run Runs an Architect target with an optional custom builder configuration defined in your project.
  serve (s) Builds and serves your app, rebuilding on file changes.
  test (t) Runs unit tests in a project.
  update Updates your application and its dependencies. See https://update.angular.io/
  version (v) Outputs Angular CLI version.
  xi18n (i18n-extract) Extracts i18n messages from source code.

For more detailed help run "ng [command name] --help"

C:\WINDOWS\system32>ng --verion
Available Commands:
  add Adds support for an external library to your project.
  analytics Configures the gathering of Angular CLI usage metrics. See https://angular.io/cli/usage-analytics-gathering.
  build (b) Compiles an Angular app into an output directory named dist/ at the given output path. Must be executed from within a workspace directory.
  deploy Invokes the deploy builder for a specified project or for the default project in the workspace.
  config Retrieves or sets Angular configuration values in the angular.json file for the workspace.
  doc (d) Opens the official Angular documentation (angular.io) in a browser, and searches for a given keyword.
  e2e (e) Builds and serves an Angular app, then runs end-to-end tests using Protractor.
  generate (g) Generates and/or modifies files based on a schematic.
  help Lists available commands and their short descriptions.
  lint (l) Runs linting tools on Angular app code in a given project folder.
  new (n) Creates a new workspace and an initial Angular app.
  run Runs an Architect target with an optional custom builder configuration defined in your project.
  serve (s) Builds and serves your app, rebuilding on file changes.
  test (t) Runs unit tests in a project.
  update Updates your application and its dependencies. See https://update.angular.io/
  version (v) Outputs Angular CLI version.
  xi18n (i18n-extract) Extracts i18n messages from source code.

For more detailed help run "ng [command name] --help"

C:\WINDOWS\system32>ng v

     _                      _                 ____ _     ___
    / \   _ __   __ _ _   _| | __ _ _ __     / ___| |   |_ _|
   / △ \ | '_ \ / _` | | | | |/ _` | '__|   | |   | |    | |
  / ___ \| | | | (_| | |_| | | (_| | |      | |___| |___ | |
 /_/   \_\_| |_|\__, |\__,_|_|\__,_|_|       \____|_____|___|
                |___/


Angular CLI: 9.1.4
Node: 12.16.2
OS: win32 x64

Angular:
...
Ivy Workspace:

Package                      Version
------------------------------------------------------
@angular-devkit/architect    0.901.4
@angular-devkit/core         9.1.4
@angular-devkit/schematics   9.1.4
@schematics/angular          9.1.4
@schematics/update           0.901.4
rxjs                         6.5.4


C:\WINDOWS\system32>npm install -g typescript
C:\Users\Marwan\AppData\Roaming\npm\tsc -> C:\Users\Marwan\AppData\Roaming\npm\node_modules\typescript\bin\tsc
C:\Users\Marwan\AppData\Roaming\npm\tsserver -> C:\Users\Marwan\AppData\Roaming\npm\node_modules\typescript\bin\tsserver
+ typescript@3.8.3
added 1 package from 1 contributor in 31.92s

C:\WINDOWS\system32>ng v

     _                      _                 ____ _     ___
    / \   _ __   __ _ _   _| | __ _ _ __     / ___| |   |_ _|
   / △ \ | '_ \ / _` | | | | |/ _` | '__|   | |   | |    | |
  / ___ \| | | | (_| | |_| | | (_| | |      | |___| |___ | |
 /_/   \_\_| |_|\__, |\__,_|_|\__,_|_|       \____|_____|___|
                |___/


Angular CLI: 9.1.4
Node: 12.16.2
OS: win32 x64

Angular:
...
Ivy Workspace:

Package                      Version
------------------------------------------------------
@angular-devkit/architect    0.901.4
@angular-devkit/core         9.1.4
@angular-devkit/schematics   9.1.4
@schematics/angular          9.1.4
@schematics/update           0.901.4
rxjs                         6.5.4


D:\My WEB\Zawaj>ng new ZawajApp-SPA
? Would you like to add Angular routing? Yes
? Which stylesheet format would you like to use? CSS

D:\My WEB\Zawaj>code .
D:\My WEB\Zawaj>npm install --save-dev @angular-devkit/build-angular

++++++++++++++++++++++++++++++++++++++++++++++++++++++





PS C:\Users\Marwan\AppData\Roaming\npm\node_modules\@angular\cli> ng update
Using package manager: 'npm'
Collecting installed dependencies...
Found 20 dependencies.
    We analyzed your package.json and everything seems to be in order. Good work!
PS C:\Users\Marwan\AppData\Roaming\npm\node_modules\@angular\cli> npm install --save-dev @angular-devkit/build-angular
npm WARN deprecated urix@0.1.0: Please see https://github.com/lydell/urix#deprecated
npm WARN deprecated resolve-url@0.2.1: https://github.com/lydell/resolve-url#deprecated
npm WARN deprecated chokidar@2.1.8: Chokidar 2 will break on node v14+. Upgrade to chokidar 3 with 15x less dependencies.
npm WARN deprecated fsevents@1.2.12: fsevents 1 will break on node v14+ and could be using insecure binaries. Upgrade to fsevents 2.

> core-js@3.6.4 postinstall C:\Users\Marwan\AppData\Roaming\npm\node_modules\@angular\cli\node_modules\core-js
> node -e "try{require('./postinstall')}catch(e){}"

Thank you for using core-js ( https://github.com/zloirock/core-js ) for polyfilling JavaScript standard library!

The project needs your help! Please consider supporting of core-js on Open Collective or Patreon:
> https://opencollective.com/core-js
> https://www.patreon.com/zloirock

Also, the author of core-js ( https://github.com/zloirock ) is looking for a good job -)

npm WARN optional SKIPPING OPTIONAL DEPENDENCY: fsevents@~2.1.2 (node_modules\rollup\node_modules\fsevents):
npm WARN notsup SKIPPING OPTIONAL DEPENDENCY: Unsupported platform for fsevents@2.1.3: wanted {"os":"darwin","arch":"any"} (current: {"os":"win32","arch":"x64"})
npm WARN optional SKIPPING OPTIONAL DEPENDENCY: fsevents@^1.2.7 (node_modules\watchpack\node_modules\chokidar\node_modules\fsevents):
npm WARN notsup SKIPPING OPTIONAL DEPENDENCY: Unsupported platform for fsevents@1.2.12: wanted {"os":"darwin","arch":"any"} (current: {"os":"win32","arch":"x64"})
npm WARN optional SKIPPING OPTIONAL DEPENDENCY: fsevents@^1.2.7 (node_modules\webpack-dev-server\node_modules\chokidar\node_modules\fsevents):
npm WARN notsup SKIPPING OPTIONAL DEPENDENCY: Unsupported platform for fsevents@1.2.12: wanted {"os":"darwin","arch":"any"} (current: {"os":"win32","arch":"x64"})
npm WARN @angular-devkit/build-angular@0.901.4 requires a peer of @angular/compiler-cli@>=9.0.0 < 10 but none is installed. You must install peer dependencies yourself.
npm WARN @ngtools/webpack@9.1.4 requires a peer of @angular/compiler-cli@>=9.0.0 < 10 but none is installed. You must install peer dependencies yourself.
npm WARN optional SKIPPING OPTIONAL DEPENDENCY: abbrev@1.1.1 (node_modules\watchpack\node_modules\fsevents\node_modules\abbrev):
npm WARN enoent SKIPPING OPTIONAL DEPENDENCY: ENOENT: no such file or directory, rename 'C:\Users\Marwan\AppData\Roaming\npm\node_modules\@angular\cli\node_modules\watchpack\node_modules\fsevents\node_modules\abbrev' -> 'C:\Users\Marwan\AppData\Roaming\npm\node_modules\@angular\cli\node_modules\watchpack\node_modules\fsevents\node_modules\.abbrev.DELETE'
npm WARN optional SKIPPING OPTIONAL DEPENDENCY: ansi-regex@2.1.1 (node_modules\watchpack\node_modules\fsevents\node_modules\ansi-regex):
npm WARN enoent SKIPPING OPTIONAL DEPENDENCY: ENOENT: no such file or directory, rename 'C:\Users\Marwan\AppData\Roaming\npm\node_modules\@angular\cli\node_modules\watchpack\node_modules\fsevents\node_modules\ansi-regex' -> 'C:\Users\Marwan\AppData\Roaming\npm\node_modules\@angular\cli\node_modules\watchpack\node_modules\fsevents\node_modules\.ansi-regex.DELETE'
npm WARN optional SKIPPING OPTIONAL DEPENDENCY: aproba@1.2.0 (node_modules\watchpack\node_modules\fsevents\node_modules\aproba):
npm WARN enoent SKIPPING OPTIONAL DEPENDENCY: ENOENT: no such file or directory, rename 'C:\Users\Marwan\AppData\Roaming\npm\node_modules\@angular\cli\node_modules\watchpack\node_modules\fsevents\node_modules\aproba' -> 'C:\Users\Marwan\AppData\Roaming\npm\node_modules\@angular\cli\node_modules\watchpack\node_modules\fsevents\node_modules\.aproba.DELETE'
npm WARN optional SKIPPING OPTIONAL DEPENDENCY: balanced-match@1.0.0 (node_modules\watchpack\node_modules\fsevents\node_modules\balanced-match):
npm WARN enoent SKIPPING OPTIONAL DEPENDENCY: ENOENT: no such file or directory, rename 'C:\Users\Marwan\AppData\Roaming\npm\node_modules\@angular\cli\node_modules\watchpack\node_modules\fsevents\node_modules\balanced-match' -> 'C:\Users\Marwan\AppData\Roaming\npm\node_modules\@angular\cli\node_modules\watchpack\node_modules\fsevents\node_modules\.balanced-match.DELETE'
npm WARN optional SKIPPING OPTIONAL DEPENDENCY: chownr@1.1.4 (node_modules\watchpack\node_modules\fsevents\node_modules\chownr):
npm WARN enoent SKIPPING OPTIONAL DEPENDENCY: ENOENT: no such file or directory, rename 'C:\Users\Marwan\AppData\Roaming\npm\node_modules\@angular\cli\node_modules\watchpack\node_modules\fsevents\node_modules\chownr' -> 'C:\Users\Marwan\AppData\Roaming\npm\node_modules\@angular\cli\node_modules\watchpack\node_modules\fsevents\node_modules\.chownr.DELETE'
npm WARN optional SKIPPING OPTIONAL DEPENDENCY: code-point-at@1.1.0 (node_modules\watchpack\node_modules\fsevents\node_modules\code-point-at):
npm WARN enoent SKIPPING OPTIONAL DEPENDENCY: ENOENT: no such file or directory, rename 'C:\Users\Marwan\AppData\Roaming\npm\node_modules\@angular\cli\node_modules\watchpack\node_modules\fsevents\node_modules\code-point-at' -> 'C:\Users\Marwan\AppData\Roaming\npm\node_modules\@angular\cli\node_modules\watchpack\node_modules\fsevents\node_modules\.code-point-at.DELETE'
npm WARN optional SKIPPING OPTIONAL DEPENDENCY: concat-map@0.0.1 (node_modules\watchpack\node_modules\fsevents\node_modules\concat-map):
npm WARN enoent SKIPPING OPTIONAL DEPENDENCY: ENOENT: no such file or directory, rename 'C:\Users\Marwan\AppData\Roaming\npm\node_modules\@angular\cli\node_modules\watchpack\node_modules\fsevents\node_modules\concat-map' -> 'C:\Users\Marwan\AppData\Roaming\npm\node_modules\@angular\cli\node_modules\watchpack\node_modules\fsevents\node_modules\.concat-map.DELETE'
npm WARN optional SKIPPING OPTIONAL DEPENDENCY: console-control-strings@1.1.0 (node_modules\watchpack\node_modules\fsevents\node_modules\console-control-strings):
npm WARN enoent SKIPPING OPTIONAL DEPENDENCY: ENOENT: no such file or directory, rename 'C:\Users\Marwan\AppData\Roaming\npm\node_modules\@angular\cli\node_modules\watchpack\node_modules\fsevents\node_modules\console-control-strings' -> 'C:\Users\Marwan\AppData\Roaming\npm\node_modules\@angular\cli\node_modules\watchpack\node_modules\fsevents\node_modules\.console-control-strings.DELETE'
npm WARN optional SKIPPING OPTIONAL DEPENDENCY: core-util-is@1.0.2 (node_modules\watchpack\node_modules\fsevents\node_modules\core-util-is):
npm WARN enoent SKIPPING OPTIONAL DEPENDENCY: ENOENT: no such file or directory, rename 'C:\Users\Marwan\AppData\Roaming\npm\node_modules\@angular\cli\node_modules\watchpack\node_modules\fsevents\node_modules\core-util-is' -> 'C:\Users\Marwan\AppData\Roaming\npm\node_modules\@angular\cli\node_modules\watchpack\node_modules\fsevents\node_modules\.core-util-is.DELETE'
npm WARN optional SKIPPING OPTIONAL DEPENDENCY: deep-extend@0.6.0 (node_modules\watchpack\node_modules\fsevents\node_modules\deep-extend):
npm WARN enoent SKIPPING OPTIONAL DEPENDENCY: ENOENT: no such file or directory, rename 'C:\Users\Marwan\AppData\Roaming\npm\node_modules\@angular\cli\node_modules\watchpack\node_modules\fsevents\node_modules\deep-extend' -> 'C:\Users\Marwan\AppData\Roaming\npm\node_modules\@angular\cli\node_modules\watchpack\node_modules\fsevents\node_modules\.deep-extend.DELETE'
npm WARN optional SKIPPING OPTIONAL DEPENDENCY: delegates@1.0.0 (node_modules\watchpack\node_modules\fsevents\node_modules\delegates):
npm WARN enoent SKIPPING OPTIONAL DEPENDENCY: ENOENT: no such file or directory, rename 'C:\Users\Marwan\AppData\Roaming\npm\node_modules\@angular\cli\node_modules\watchpack\node_modules\fsevents\node_modules\delegates' -> 'C:\Users\Marwan\AppData\Roaming\npm\node_modules\@angular\cli\node_modules\watchpack\node_modules\fsevents\node_modules\.delegates.DELETE'
npm WARN optional SKIPPING OPTIONAL DEPENDENCY: detect-libc@1.0.3 (node_modules\watchpack\node_modules\fsevents\node_modules\detect-libc):
npm WARN enoent SKIPPING OPTIONAL DEPENDENCY: ENOENT: no such file or directory, rename 'C:\Users\Marwan\AppData\Roaming\npm\node_modules\@angular\cli\node_modules\watchpack\node_modules\fsevents\node_modules\detect-libc' -> 'C:\Users\Marwan\AppData\Roaming\npm\node_modules\@angular\cli\node_modules\watchpack\node_modules\fsevents\node_modules\.detect-libc.DELETE'
npm WARN optional SKIPPING OPTIONAL DEPENDENCY: fs.realpath@1.0.0 (node_modules\watchpack\node_modules\fsevents\node_modules\fs.realpath):
npm WARN enoent SKIPPING OPTIONAL DEPENDENCY: ENOENT: no such file or directory, rename 'C:\Users\Marwan\AppData\Roaming\npm\node_modules\@angular\cli\node_modules\watchpack\node_modules\fsevents\node_modules\fs.realpath' -> 'C:\Users\Marwan\AppData\Roaming\npm\node_modules\@angular\cli\node_modules\watchpack\node_modules\fsevents\node_modules\.fs.realpath.DELETE'
npm WARN optional SKIPPING OPTIONAL DEPENDENCY: has-unicode@2.0.1 (node_modules\watchpack\node_modules\fsevents\node_modules\has-unicode):
npm WARN enoent SKIPPING OPTIONAL DEPENDENCY: ENOENT: no such file or directory, rename 'C:\Users\Marwan\AppData\Roaming\npm\node_modules\@angular\cli\node_modules\watchpack\node_modules\fsevents\node_modules\has-unicode' -> 'C:\Users\Marwan\AppData\Roaming\npm\node_modules\@angular\cli\node_modules\watchpack\node_modules\fsevents\node_modules\.has-unicode.DELETE'
npm WARN optional SKIPPING OPTIONAL DEPENDENCY: inherits@2.0.4 (node_modules\watchpack\node_modules\fsevents\node_modules\inherits):
npm WARN enoent SKIPPING OPTIONAL DEPENDENCY: ENOENT: no such file or directory, rename 'C:\Users\Marwan\AppData\Roaming\npm\node_modules\@angular\cli\node_modules\watchpack\node_modules\fsevents\node_modules\inherits' -> 'C:\Users\Marwan\AppData\Roaming\npm\node_modules\@angular\cli\node_modules\watchpack\node_modules\fsevents\node_modules\.inherits.DELETE'
npm WARN optional SKIPPING OPTIONAL DEPENDENCY: ini@1.3.5 (node_modules\watchpack\node_modules\fsevents\node_modules\ini):
npm WARN enoent SKIPPING OPTIONAL DEPENDENCY: ENOENT: no such file or directory, rename 'C:\Users\Marwan\AppData\Roaming\npm\node_modules\@angular\cli\node_modules\watchpack\node_modules\fsevents\node_modules\ini' -> 'C:\Users\Marwan\AppData\Roaming\npm\node_modules\@angular\cli\node_modules\watchpack\node_modules\fsevents\node_modules\.ini.DELETE'
npm WARN optional SKIPPING OPTIONAL DEPENDENCY: isarray@1.0.0 (node_modules\watchpack\node_modules\fsevents\node_modules\isarray):
npm WARN enoent SKIPPING OPTIONAL DEPENDENCY: ENOENT: no such file or directory, rename 'C:\Users\Marwan\AppData\Roaming\npm\node_modules\@angular\cli\node_modules\watchpack\node_modules\fsevents\node_modules\isarray' -> 'C:\Users\Marwan\AppData\Roaming\npm\node_modules\@angular\cli\node_modules\watchpack\node_modules\fsevents\node_modules\.isarray.DELETE'
npm WARN optional SKIPPING OPTIONAL DEPENDENCY: minimist@1.2.5 (node_modules\watchpack\node_modules\fsevents\node_modules\minimist):
npm WARN enoent SKIPPING OPTIONAL DEPENDENCY: ENOENT: no such file or directory, rename 'C:\Users\Marwan\AppData\Roaming\npm\node_modules\@angular\cli\node_modules\watchpack\node_modules\fsevents\node_modules\minimist' -> 'C:\Users\Marwan\AppData\Roaming\npm\node_modules\@angular\cli\node_modules\watchpack\node_modules\fsevents\node_modules\.minimist.DELETE'
npm WARN optional SKIPPING OPTIONAL DEPENDENCY: ms@2.1.2 (node_modules\watchpack\node_modules\fsevents\node_modules\ms):
npm WARN enoent SKIPPING OPTIONAL DEPENDENCY: ENOENT: no such file or directory, rename 'C:\Users\Marwan\AppData\Roaming\npm\node_modules\@angular\cli\node_modules\watchpack\node_modules\fsevents\node_modules\ms' -> 'C:\Users\Marwan\AppData\Roaming\npm\node_modules\@angular\cli\node_modules\watchpack\node_modules\fsevents\node_modules\.ms.DELETE'
npm WARN optional SKIPPING OPTIONAL DEPENDENCY: npm-normalize-package-bin@1.0.1 (node_modules\watchpack\node_modules\fsevents\node_modules\npm-normalize-package-bin):
npm WARN enoent SKIPPING OPTIONAL DEPENDENCY: ENOENT: no such file or directory, rename 'C:\Users\Marwan\AppData\Roaming\npm\node_modules\@angular\cli\node_modules\watchpack\node_modules\fsevents\node_modules\npm-normalize-package-bin' -> 'C:\Users\Marwan\AppData\Roaming\npm\node_modules\@angular\cli\node_modules\watchpack\node_modules\fsevents\node_modules\.npm-normalize-package-bin.DELETE'
npm WARN optional SKIPPING OPTIONAL DEPENDENCY: number-is-nan@1.0.1 (node_modules\watchpack\node_modules\fsevents\node_modules\number-is-nan):
npm WARN enoent SKIPPING OPTIONAL DEPENDENCY: ENOENT: no such file or directory, rename 'C:\Users\Marwan\AppData\Roaming\npm\node_modules\@angular\cli\node_modules\watchpack\node_modules\fsevents\node_modules\number-is-nan' -> 'C:\Users\Marwan\AppData\Roaming\npm\node_modules\@angular\cli\node_modules\watchpack\node_modules\fsevents\node_modules\.number-is-nan.DELETE'
npm WARN optional SKIPPING OPTIONAL DEPENDENCY: object-assign@4.1.1 (node_modules\watchpack\node_modules\fsevents\node_modules\object-assign):
npm WARN enoent SKIPPING OPTIONAL DEPENDENCY: ENOENT: no such file or directory, rename 'C:\Users\Marwan\AppData\Roaming\npm\node_modules\@angular\cli\node_modules\watchpack\node_modules\fsevents\node_modules\object-assign' -> 'C:\Users\Marwan\AppData\Roaming\npm\node_modules\@angular\cli\node_modules\watchpack\node_modules\fsevents\node_modules\.object-assign.DELETE'
npm WARN optional SKIPPING OPTIONAL DEPENDENCY: os-homedir@1.0.2 (node_modules\watchpack\node_modules\fsevents\node_modules\os-homedir):
npm WARN enoent SKIPPING OPTIONAL DEPENDENCY: ENOENT: no such file or directory, rename 'C:\Users\Marwan\AppData\Roaming\npm\node_modules\@angular\cli\node_modules\watchpack\node_modules\fsevents\node_modules\os-homedir' -> 'C:\Users\Marwan\AppData\Roaming\npm\node_modules\@angular\cli\node_modules\watchpack\node_modules\fsevents\node_modules\.os-homedir.DELETE'
npm WARN optional SKIPPING OPTIONAL DEPENDENCY: os-tmpdir@1.0.2 (node_modules\watchpack\node_modules\fsevents\node_modules\os-tmpdir):
npm WARN enoent SKIPPING OPTIONAL DEPENDENCY: ENOENT: no such file or directory, rename 'C:\Users\Marwan\AppData\Roaming\npm\node_modules\@angular\cli\node_modules\watchpack\node_modules\fsevents\node_modules\os-tmpdir' -> 'C:\Users\Marwan\AppData\Roaming\npm\node_modules\@angular\cli\node_modules\watchpack\node_modules\fsevents\node_modules\.os-tmpdir.DELETE'
npm WARN optional SKIPPING OPTIONAL DEPENDENCY: path-is-absolute@1.0.1 (node_modules\watchpack\node_modules\fsevents\node_modules\path-is-absolute):
npm WARN enoent SKIPPING OPTIONAL DEPENDENCY: ENOENT: no such file or directory, rename 'C:\Users\Marwan\AppData\Roaming\npm\node_modules\@angular\cli\node_modules\watchpack\node_modules\fsevents\node_modules\path-is-absolute' -> 'C:\Users\Marwan\AppData\Roaming\npm\node_modules\@angular\cli\node_modules\watchpack\node_modules\fsevents\node_modules\.path-is-absolute.DELETE'
npm WARN optional SKIPPING OPTIONAL DEPENDENCY: process-nextick-args@2.0.1 (node_modules\watchpack\node_modules\fsevents\node_modules\process-nextick-args):
npm WARN enoent SKIPPING OPTIONAL DEPENDENCY: ENOENT: no such file or directory, rename 'C:\Users\Marwan\AppData\Roaming\npm\node_modules\@angular\cli\node_modules\watchpack\node_modules\fsevents\node_modules\process-nextick-args' -> 'C:\Users\Marwan\AppData\Roaming\npm\node_modules\@angular\cli\node_modules\watchpack\node_modules\fsevents\node_modules\.process-nextick-args.DELETE'
npm WARN optional SKIPPING OPTIONAL DEPENDENCY: safe-buffer@5.1.2 (node_modules\watchpack\node_modules\fsevents\node_modules\safe-buffer):
npm WARN enoent SKIPPING OPTIONAL DEPENDENCY: ENOENT: no such file or directory, rename 'C:\Users\Marwan\AppData\Roaming\npm\node_modules\@angular\cli\node_modules\watchpack\node_modules\fsevents\node_modules\safe-buffer' -> 'C:\Users\Marwan\AppData\Roaming\npm\node_modules\@angular\cli\node_modules\watchpack\node_modules\fsevents\node_modules\.safe-buffer.DELETE'
npm WARN optional SKIPPING OPTIONAL DEPENDENCY: safer-buffer@2.1.2 (node_modules\watchpack\node_modules\fsevents\node_modules\safer-buffer):
npm WARN enoent SKIPPING OPTIONAL DEPENDENCY: ENOENT: no such file or directory, rename 'C:\Users\Marwan\AppData\Roaming\npm\node_modules\@angular\cli\node_modules\watchpack\node_modules\fsevents\node_modules\safer-buffer' -> 'C:\Users\Marwan\AppData\Roaming\npm\node_modules\@angular\cli\node_modules\watchpack\node_modules\fsevents\node_modules\.safer-buffer.DELETE'
npm WARN optional SKIPPING OPTIONAL DEPENDENCY: sax@1.2.4 (node_modules\watchpack\node_modules\fsevents\node_modules\sax):
npm WARN enoent SKIPPING OPTIONAL DEPENDENCY: ENOENT: no such file or directory, rename 'C:\Users\Marwan\AppData\Roaming\npm\node_modules\@angular\cli\node_modules\watchpack\node_modules\fsevents\node_modules\sax' -> 'C:\Users\Marwan\AppData\Roaming\npm\node_modules\@angular\cli\node_modules\watchpack\node_modules\fsevents\node_modules\.sax.DELETE'
npm WARN optional SKIPPING OPTIONAL DEPENDENCY: semver@5.7.1 (node_modules\watchpack\node_modules\fsevents\node_modules\semver):
npm WARN enoent SKIPPING OPTIONAL DEPENDENCY: ENOENT: no such file or directory, rename 'C:\Users\Marwan\AppData\Roaming\npm\node_modules\@angular\cli\node_modules\watchpack\node_modules\fsevents\node_modules\semver' -> 'C:\Users\Marwan\AppData\Roaming\npm\node_modules\@angular\cli\node_modules\watchpack\node_modules\fsevents\node_modules\.semver.DELETE'
npm WARN optional SKIPPING OPTIONAL DEPENDENCY: set-blocking@2.0.0 (node_modules\watchpack\node_modules\fsevents\node_modules\set-blocking):
npm WARN enoent SKIPPING OPTIONAL DEPENDENCY: ENOENT: no such file or directory, rename 'C:\Users\Marwan\AppData\Roaming\npm\node_modules\@angular\cli\node_modules\watchpack\node_modules\fsevents\node_modules\set-blocking' -> 'C:\Users\Marwan\AppData\Roaming\npm\node_modules\@angular\cli\node_modules\watchpack\node_modules\fsevents\node_modules\.set-blocking.DELETE'
npm WARN optional SKIPPING OPTIONAL DEPENDENCY: signal-exit@3.0.2 (node_modules\watchpack\node_modules\fsevents\node_modules\signal-exit):
npm WARN enoent SKIPPING OPTIONAL DEPENDENCY: ENOENT: no such file or directory, rename 'C:\Users\Marwan\AppData\Roaming\npm\node_modules\@angular\cli\node_modules\watchpack\node_modules\fsevents\node_modules\signal-exit' -> 'C:\Users\Marwan\AppData\Roaming\npm\node_modules\@angular\cli\node_modules\watchpack\node_modules\fsevents\node_modules\.signal-exit.DELETE'
npm WARN optional SKIPPING OPTIONAL DEPENDENCY: strip-json-comments@2.0.1 (node_modules\watchpack\node_modules\fsevents\node_modules\strip-json-comments):
npm WARN enoent SKIPPING OPTIONAL DEPENDENCY: ENOENT: no such file or directory, rename 'C:\Users\Marwan\AppData\Roaming\npm\node_modules\@angular\cli\node_modules\watchpack\node_modules\fsevents\node_modules\strip-json-comments' -> 'C:\Users\Marwan\AppData\Roaming\npm\node_modules\@angular\cli\node_modules\watchpack\node_modules\fsevents\node_modules\.strip-json-comments.DELETE'
npm WARN optional SKIPPING OPTIONAL DEPENDENCY: util-deprecate@1.0.2 (node_modules\watchpack\node_modules\fsevents\node_modules\util-deprecate):
npm WARN enoent SKIPPING OPTIONAL DEPENDENCY: ENOENT: no such file or directory, rename 'C:\Users\Marwan\AppData\Roaming\npm\node_modules\@angular\cli\node_modules\watchpack\node_modules\fsevents\node_modules\util-deprecate' -> 'C:\Users\Marwan\AppData\Roaming\npm\node_modules\@angular\cli\node_modules\watchpack\node_modules\fsevents\node_modules\.util-deprecate.DELETE'
npm WARN optional SKIPPING OPTIONAL DEPENDENCY: wrappy@1.0.2 (node_modules\watchpack\node_modules\fsevents\node_modules\wrappy):
npm WARN enoent SKIPPING OPTIONAL DEPENDENCY: ENOENT: no such file or directory, rename 'C:\Users\Marwan\AppData\Roaming\npm\node_modules\@angular\cli\node_modules\watchpack\node_modules\fsevents\node_modules\wrappy' -> 'C:\Users\Marwan\AppData\Roaming\npm\node_modules\@angular\cli\node_modules\watchpack\node_modules\fsevents\node_modules\.wrappy.DELETE'
npm WARN optional SKIPPING OPTIONAL DEPENDENCY: yallist@3.1.1 (node_modules\watchpack\node_modules\fsevents\node_modules\yallist):
npm WARN enoent SKIPPING OPTIONAL DEPENDENCY: ENOENT: no such file or directory, rename 'C:\Users\Marwan\AppData\Roaming\npm\node_modules\@angular\cli\node_modules\watchpack\node_modules\fsevents\node_modules\yallist' -> 'C:\Users\Marwan\AppData\Roaming\npm\node_modules\@angular\cli\node_modules\watchpack\node_modules\fsevents\node_modules\.yallist.DELETE'
npm WARN optional SKIPPING OPTIONAL DEPENDENCY: abbrev@1.1.1 (node_modules\webpack-dev-server\node_modules\fsevents\node_modules\abbrev):
npm WARN enoent SKIPPING OPTIONAL DEPENDENCY: ENOENT: no such file or directory, rename 'C:\Users\Marwan\AppData\Roaming\npm\node_modules\@angular\cli\node_modules\webpack-dev-server\node_modules\fsevents\node_modules\abbrev' -> 'C:\Users\Marwan\AppData\Roaming\npm\node_modules\@angular\cli\node_modules\webpack-dev-server\node_modules\fsevents\node_modules\.abbrev.DELETE'
npm WARN optional SKIPPING OPTIONAL DEPENDENCY: ansi-regex@2.1.1 (node_modules\webpack-dev-server\node_modules\fsevents\node_modules\ansi-regex):
npm WARN enoent SKIPPING OPTIONAL DEPENDENCY: ENOENT: no such file or directory, rename 'C:\Users\Marwan\AppData\Roaming\npm\node_modules\@angular\cli\node_modules\webpack-dev-server\node_modules\fsevents\node_modules\ansi-regex' -> 'C:\Users\Marwan\AppData\Roaming\npm\node_modules\@angular\cli\node_modules\webpack-dev-server\node_modules\fsevents\node_modules\.ansi-regex.DELETE'
npm WARN optional SKIPPING OPTIONAL DEPENDENCY: aproba@1.2.0 (node_modules\webpack-dev-server\node_modules\fsevents\node_modules\aproba):
npm WARN enoent SKIPPING OPTIONAL DEPENDENCY: ENOENT: no such file or directory, rename 'C:\Users\Marwan\AppData\Roaming\npm\node_modules\@angular\cli\node_modules\webpack-dev-server\node_modules\fsevents\node_modules\aproba' -> 'C:\Users\Marwan\AppData\Roaming\npm\node_modules\@angular\cli\node_modules\webpack-dev-server\node_modules\fsevents\node_modules\.aproba.DELETE'
npm WARN optional SKIPPING OPTIONAL DEPENDENCY: balanced-match@1.0.0 (node_modules\webpack-dev-server\node_modules\fsevents\node_modules\balanced-match):
npm WARN enoent SKIPPING OPTIONAL DEPENDENCY: ENOENT: no such file or directory, rename 'C:\Users\Marwan\AppData\Roaming\npm\node_modules\@angular\cli\node_modules\webpack-dev-server\node_modules\fsevents\node_modules\balanced-match' -> 'C:\Users\Marwan\AppData\Roaming\npm\node_modules\@angular\cli\node_modules\webpack-dev-server\node_modules\fsevents\node_modules\.balanced-match.DELETE'
npm WARN optional SKIPPING OPTIONAL DEPENDENCY: chownr@1.1.4 (node_modules\webpack-dev-server\node_modules\fsevents\node_modules\chownr):
npm WARN enoent SKIPPING OPTIONAL DEPENDENCY: ENOENT: no such file or directory, rename 'C:\Users\Marwan\AppData\Roaming\npm\node_modules\@angular\cli\node_modules\webpack-dev-server\node_modules\fsevents\node_modules\chownr' -> 'C:\Users\Marwan\AppData\Roaming\npm\node_modules\@angular\cli\node_modules\webpack-dev-server\node_modules\fsevents\node_modules\.chownr.DELETE'
npm WARN optional SKIPPING OPTIONAL DEPENDENCY: code-point-at@1.1.0 (node_modules\webpack-dev-server\node_modules\fsevents\node_modules\code-point-at):
npm WARN enoent SKIPPING OPTIONAL DEPENDENCY: ENOENT: no such file or directory, rename 'C:\Users\Marwan\AppData\Roaming\npm\node_modules\@angular\cli\node_modules\webpack-dev-server\node_modules\fsevents\node_modules\code-point-at' -> 'C:\Users\Marwan\AppData\Roaming\npm\node_modules\@angular\cli\node_modules\webpack-dev-server\node_modules\fsevents\node_modules\.code-point-at.DELETE'
npm WARN optional SKIPPING OPTIONAL DEPENDENCY: concat-map@0.0.1 (node_modules\webpack-dev-server\node_modules\fsevents\node_modules\concat-map):
npm WARN enoent SKIPPING OPTIONAL DEPENDENCY: ENOENT: no such file or directory, rename 'C:\Users\Marwan\AppData\Roaming\npm\node_modules\@angular\cli\node_modules\webpack-dev-server\node_modules\fsevents\node_modules\concat-map' -> 'C:\Users\Marwan\AppData\Roaming\npm\node_modules\@angular\cli\node_modules\webpack-dev-server\node_modules\fsevents\node_modules\.concat-map.DELETE'
npm WARN optional SKIPPING OPTIONAL DEPENDENCY: console-control-strings@1.1.0 (node_modules\webpack-dev-server\node_modules\fsevents\node_modules\console-control-strings):
npm WARN enoent SKIPPING OPTIONAL DEPENDENCY: ENOENT: no such file or directory, rename 'C:\Users\Marwan\AppData\Roaming\npm\node_modules\@angular\cli\node_modules\webpack-dev-server\node_modules\fsevents\node_modules\console-control-strings' -> 'C:\Users\Marwan\AppData\Roaming\npm\node_modules\@angular\cli\node_modules\webpack-dev-server\node_modules\fsevents\node_modules\.console-control-strings.DELETE'
npm WARN optional SKIPPING OPTIONAL DEPENDENCY: core-util-is@1.0.2 (node_modules\webpack-dev-server\node_modules\fsevents\node_modules\core-util-is):
npm WARN enoent SKIPPING OPTIONAL DEPENDENCY: ENOENT: no such file or directory, rename 'C:\Users\Marwan\AppData\Roaming\npm\node_modules\@angular\cli\node_modules\webpack-dev-server\node_modules\fsevents\node_modules\core-util-is' -> 'C:\Users\Marwan\AppData\Roaming\npm\node_modules\@angular\cli\node_modules\webpack-dev-server\node_modules\fsevents\node_modules\.core-util-is.DELETE'
npm WARN optional SKIPPING OPTIONAL DEPENDENCY: deep-extend@0.6.0 (node_modules\webpack-dev-server\node_modules\fsevents\node_modules\deep-extend):
npm WARN enoent SKIPPING OPTIONAL DEPENDENCY: ENOENT: no such file or directory, rename 'C:\Users\Marwan\AppData\Roaming\npm\node_modules\@angular\cli\node_modules\webpack-dev-server\node_modules\fsevents\node_modules\deep-extend' -> 'C:\Users\Marwan\AppData\Roaming\npm\node_modules\@angular\cli\node_modules\webpack-dev-server\node_modules\fsevents\node_modules\.deep-extend.DELETE'
npm WARN optional SKIPPING OPTIONAL DEPENDENCY: delegates@1.0.0 (node_modules\webpack-dev-server\node_modules\fsevents\node_modules\delegates):
npm WARN enoent SKIPPING OPTIONAL DEPENDENCY: ENOENT: no such file or directory, rename 'C:\Users\Marwan\AppData\Roaming\npm\node_modules\@angular\cli\node_modules\webpack-dev-server\node_modules\fsevents\node_modules\delegates' -> 'C:\Users\Marwan\AppData\Roaming\npm\node_modules\@angular\cli\node_modules\webpack-dev-server\node_modules\fsevents\node_modules\.delegates.DELETE'
npm WARN optional SKIPPING OPTIONAL DEPENDENCY: detect-libc@1.0.3 (node_modules\webpack-dev-server\node_modules\fsevents\node_modules\detect-libc):
npm WARN enoent SKIPPING OPTIONAL DEPENDENCY: ENOENT: no such file or directory, rename 'C:\Users\Marwan\AppData\Roaming\npm\node_modules\@angular\cli\node_modules\webpack-dev-server\node_modules\fsevents\node_modules\detect-libc' -> 'C:\Users\Marwan\AppData\Roaming\npm\node_modules\@angular\cli\node_modules\webpack-dev-server\node_modules\fsevents\node_modules\.detect-libc.DELETE'
npm WARN optional SKIPPING OPTIONAL DEPENDENCY: fs.realpath@1.0.0 (node_modules\webpack-dev-server\node_modules\fsevents\node_modules\fs.realpath):
npm WARN enoent SKIPPING OPTIONAL DEPENDENCY: ENOENT: no such file or directory, rename 'C:\Users\Marwan\AppData\Roaming\npm\node_modules\@angular\cli\node_modules\webpack-dev-server\node_modules\fsevents\node_modules\fs.realpath' -> 'C:\Users\Marwan\AppData\Roaming\npm\node_modules\@angular\cli\node_modules\webpack-dev-server\node_modules\fsevents\node_modules\.fs.realpath.DELETE'
npm WARN optional SKIPPING OPTIONAL DEPENDENCY: has-unicode@2.0.1 (node_modules\webpack-dev-server\node_modules\fsevents\node_modules\has-unicode):
npm WARN enoent SKIPPING OPTIONAL DEPENDENCY: ENOENT: no such file or directory, rename 'C:\Users\Marwan\AppData\Roaming\npm\node_modules\@angular\cli\node_modules\webpack-dev-server\node_modules\fsevents\node_modules\has-unicode' -> 'C:\Users\Marwan\AppData\Roaming\npm\node_modules\@angular\cli\node_modules\webpack-dev-server\node_modules\fsevents\node_modules\.has-unicode.DELETE'
npm WARN optional SKIPPING OPTIONAL DEPENDENCY: inherits@2.0.4 (node_modules\webpack-dev-server\node_modules\fsevents\node_modules\inherits):
npm WARN enoent SKIPPING OPTIONAL DEPENDENCY: ENOENT: no such file or directory, rename 'C:\Users\Marwan\AppData\Roaming\npm\node_modules\@angular\cli\node_modules\webpack-dev-server\node_modules\fsevents\node_modules\inherits' -> 'C:\Users\Marwan\AppData\Roaming\npm\node_modules\@angular\cli\node_modules\webpack-dev-server\node_modules\fsevents\node_modules\.inherits.DELETE'
npm WARN optional SKIPPING OPTIONAL DEPENDENCY: ini@1.3.5 (node_modules\webpack-dev-server\node_modules\fsevents\node_modules\ini):
npm WARN enoent SKIPPING OPTIONAL DEPENDENCY: ENOENT: no such file or directory, rename 'C:\Users\Marwan\AppData\Roaming\npm\node_modules\@angular\cli\node_modules\webpack-dev-server\node_modules\fsevents\node_modules\ini' -> 'C:\Users\Marwan\AppData\Roaming\npm\node_modules\@angular\cli\node_modules\webpack-dev-server\node_modules\fsevents\node_modules\.ini.DELETE'
npm WARN optional SKIPPING OPTIONAL DEPENDENCY: isarray@1.0.0 (node_modules\webpack-dev-server\node_modules\fsevents\node_modules\isarray):
npm WARN enoent SKIPPING OPTIONAL DEPENDENCY: ENOENT: no such file or directory, rename 'C:\Users\Marwan\AppData\Roaming\npm\node_modules\@angular\cli\node_modules\webpack-dev-server\node_modules\fsevents\node_modules\isarray' -> 'C:\Users\Marwan\AppData\Roaming\npm\node_modules\@angular\cli\node_modules\webpack-dev-server\node_modules\fsevents\node_modules\.isarray.DELETE'
npm WARN optional SKIPPING OPTIONAL DEPENDENCY: minimist@1.2.5 (node_modules\webpack-dev-server\node_modules\fsevents\node_modules\minimist):
npm WARN enoent SKIPPING OPTIONAL DEPENDENCY: ENOENT: no such file or directory, rename 'C:\Users\Marwan\AppData\Roaming\npm\node_modules\@angular\cli\node_modules\webpack-dev-server\node_modules\fsevents\node_modules\minimist' -> 'C:\Users\Marwan\AppData\Roaming\npm\node_modules\@angular\cli\node_modules\webpack-dev-server\node_modules\fsevents\node_modules\.minimist.DELETE'
npm WARN optional SKIPPING OPTIONAL DEPENDENCY: ms@2.1.2 (node_modules\webpack-dev-server\node_modules\fsevents\node_modules\ms):
npm WARN enoent SKIPPING OPTIONAL DEPENDENCY: ENOENT: no such file or directory, rename 'C:\Users\Marwan\AppData\Roaming\npm\node_modules\@angular\cli\node_modules\webpack-dev-server\node_modules\fsevents\node_modules\ms' -> 'C:\Users\Marwan\AppData\Roaming\npm\node_modules\@angular\cli\node_modules\webpack-dev-server\node_modules\fsevents\node_modules\.ms.DELETE'
npm WARN optional SKIPPING OPTIONAL DEPENDENCY: npm-normalize-package-bin@1.0.1 (node_modules\webpack-dev-server\node_modules\fsevents\node_modules\npm-normalize-package-bin):
npm WARN enoent SKIPPING OPTIONAL DEPENDENCY: ENOENT: no such file or directory, rename 'C:\Users\Marwan\AppData\Roaming\npm\node_modules\@angular\cli\node_modules\webpack-dev-server\node_modules\fsevents\node_modules\npm-normalize-package-bin' -> 'C:\Users\Marwan\AppData\Roaming\npm\node_modules\@angular\cli\node_modules\webpack-dev-server\node_modules\fsevents\node_modules\.npm-normalize-package-bin.DELETE'
npm WARN optional SKIPPING OPTIONAL DEPENDENCY: number-is-nan@1.0.1 (node_modules\webpack-dev-server\node_modules\fsevents\node_modules\number-is-nan):
npm WARN enoent SKIPPING OPTIONAL DEPENDENCY: ENOENT: no such file or directory, rename 'C:\Users\Marwan\AppData\Roaming\npm\node_modules\@angular\cli\node_modules\webpack-dev-server\node_modules\fsevents\node_modules\number-is-nan' -> 'C:\Users\Marwan\AppData\Roaming\npm\node_modules\@angular\cli\node_modules\webpack-dev-server\node_modules\fsevents\node_modules\.number-is-nan.DELETE'
npm WARN optional SKIPPING OPTIONAL DEPENDENCY: object-assign@4.1.1 (node_modules\webpack-dev-server\node_modules\fsevents\node_modules\object-assign):
npm WARN enoent SKIPPING OPTIONAL DEPENDENCY: ENOENT: no such file or directory, rename 'C:\Users\Marwan\AppData\Roaming\npm\node_modules\@angular\cli\node_modules\webpack-dev-server\node_modules\fsevents\node_modules\object-assign' -> 'C:\Users\Marwan\AppData\Roaming\npm\node_modules\@angular\cli\node_modules\webpack-dev-server\node_modules\fsevents\node_modules\.object-assign.DELETE'
npm WARN optional SKIPPING OPTIONAL DEPENDENCY: os-homedir@1.0.2 (node_modules\webpack-dev-server\node_modules\fsevents\node_modules\os-homedir):
npm WARN enoent SKIPPING OPTIONAL DEPENDENCY: ENOENT: no such file or directory, rename 'C:\Users\Marwan\AppData\Roaming\npm\node_modules\@angular\cli\node_modules\webpack-dev-server\node_modules\fsevents\node_modules\os-homedir' -> 'C:\Users\Marwan\AppData\Roaming\npm\node_modules\@angular\cli\node_modules\webpack-dev-server\node_modules\fsevents\node_modules\.os-homedir.DELETE'
npm WARN optional SKIPPING OPTIONAL DEPENDENCY: os-tmpdir@1.0.2 (node_modules\webpack-dev-server\node_modules\fsevents\node_modules\os-tmpdir):
npm WARN enoent SKIPPING OPTIONAL DEPENDENCY: ENOENT: no such file or directory, rename 'C:\Users\Marwan\AppData\Roaming\npm\node_modules\@angular\cli\node_modules\webpack-dev-server\node_modules\fsevents\node_modules\os-tmpdir' -> 'C:\Users\Marwan\AppData\Roaming\npm\node_modules\@angular\cli\node_modules\webpack-dev-server\node_modules\fsevents\node_modules\.os-tmpdir.DELETE'
npm WARN optional SKIPPING OPTIONAL DEPENDENCY: path-is-absolute@1.0.1 (node_modules\webpack-dev-server\node_modules\fsevents\node_modules\path-is-absolute):
npm WARN enoent SKIPPING OPTIONAL DEPENDENCY: ENOENT: no such file or directory, rename 'C:\Users\Marwan\AppData\Roaming\npm\node_modules\@angular\cli\node_modules\webpack-dev-server\node_modules\fsevents\node_modules\path-is-absolute' -> 'C:\Users\Marwan\AppData\Roaming\npm\node_modules\@angular\cli\node_modules\webpack-dev-server\node_modules\fsevents\node_modules\.path-is-absolute.DELETE'
npm WARN optional SKIPPING OPTIONAL DEPENDENCY: process-nextick-args@2.0.1 (node_modules\webpack-dev-server\node_modules\fsevents\node_modules\process-nextick-args):
npm WARN enoent SKIPPING OPTIONAL DEPENDENCY: ENOENT: no such file or directory, rename 'C:\Users\Marwan\AppData\Roaming\npm\node_modules\@angular\cli\node_modules\webpack-dev-server\node_modules\fsevents\node_modules\process-nextick-args' -> 'C:\Users\Marwan\AppData\Roaming\npm\node_modules\@angular\cli\node_modules\webpack-dev-server\node_modules\fsevents\node_modules\.process-nextick-args.DELETE'
npm WARN optional SKIPPING OPTIONAL DEPENDENCY: safe-buffer@5.1.2 (node_modules\webpack-dev-server\node_modules\fsevents\node_modules\safe-buffer):
npm WARN enoent SKIPPING OPTIONAL DEPENDENCY: ENOENT: no such file or directory, rename 'C:\Users\Marwan\AppData\Roaming\npm\node_modules\@angular\cli\node_modules\webpack-dev-server\node_modules\fsevents\node_modules\safe-buffer' -> 'C:\Users\Marwan\AppData\Roaming\npm\node_modules\@angular\cli\node_modules\webpack-dev-server\node_modules\fsevents\node_modules\.safe-buffer.DELETE'
npm WARN optional SKIPPING OPTIONAL DEPENDENCY: safer-buffer@2.1.2 (node_modules\webpack-dev-server\node_modules\fsevents\node_modules\safer-buffer):
npm WARN enoent SKIPPING OPTIONAL DEPENDENCY: ENOENT: no such file or directory, rename 'C:\Users\Marwan\AppData\Roaming\npm\node_modules\@angular\cli\node_modules\webpack-dev-server\node_modules\fsevents\node_modules\safer-buffer' -> 'C:\Users\Marwan\AppData\Roaming\npm\node_modules\@angular\cli\node_modules\webpack-dev-server\node_modules\fsevents\node_modules\.safer-buffer.DELETE'
npm WARN optional SKIPPING OPTIONAL DEPENDENCY: sax@1.2.4 (node_modules\webpack-dev-server\node_modules\fsevents\node_modules\sax):
npm WARN enoent SKIPPING OPTIONAL DEPENDENCY: ENOENT: no such file or directory, rename 'C:\Users\Marwan\AppData\Roaming\npm\node_modules\@angular\cli\node_modules\webpack-dev-server\node_modules\fsevents\node_modules\sax' -> 'C:\Users\Marwan\AppData\Roaming\npm\node_modules\@angular\cli\node_modules\webpack-dev-server\node_modules\fsevents\node_modules\.sax.DELETE'
npm WARN optional SKIPPING OPTIONAL DEPENDENCY: semver@5.7.1 (node_modules\webpack-dev-server\node_modules\fsevents\node_modules\semver):
npm WARN enoent SKIPPING OPTIONAL DEPENDENCY: ENOENT: no such file or directory, rename 'C:\Users\Marwan\AppData\Roaming\npm\node_modules\@angular\cli\node_modules\webpack-dev-server\node_modules\fsevents\node_modules\semver' -> 'C:\Users\Marwan\AppData\Roaming\npm\node_modules\@angular\cli\node_modules\webpack-dev-server\node_modules\fsevents\node_modules\.semver.DELETE'
npm WARN optional SKIPPING OPTIONAL DEPENDENCY: set-blocking@2.0.0 (node_modules\webpack-dev-server\node_modules\fsevents\node_modules\set-blocking):
npm WARN enoent SKIPPING OPTIONAL DEPENDENCY: ENOENT: no such file or directory, rename 'C:\Users\Marwan\AppData\Roaming\npm\node_modules\@angular\cli\node_modules\webpack-dev-server\node_modules\fsevents\node_modules\set-blocking' -> 'C:\Users\Marwan\AppData\Roaming\npm\node_modules\@angular\cli\node_modules\webpack-dev-server\node_modules\fsevents\node_modules\.set-blocking.DELETE'
npm WARN optional SKIPPING OPTIONAL DEPENDENCY: signal-exit@3.0.2 (node_modules\webpack-dev-server\node_modules\fsevents\node_modules\signal-exit):
npm WARN enoent SKIPPING OPTIONAL DEPENDENCY: ENOENT: no such file or directory, rename 'C:\Users\Marwan\AppData\Roaming\npm\node_modules\@angular\cli\node_modules\webpack-dev-server\node_modules\fsevents\node_modules\signal-exit' -> 'C:\Users\Marwan\AppData\Roaming\npm\node_modules\@angular\cli\node_modules\webpack-dev-server\node_modules\fsevents\node_modules\.signal-exit.DELETE'
npm WARN optional SKIPPING OPTIONAL DEPENDENCY: strip-json-comments@2.0.1 (node_modules\webpack-dev-server\node_modules\fsevents\node_modules\strip-json-comments):
npm WARN enoent SKIPPING OPTIONAL DEPENDENCY: ENOENT: no such file or directory, rename 'C:\Users\Marwan\AppData\Roaming\npm\node_modules\@angular\cli\node_modules\webpack-dev-server\node_modules\fsevents\node_modules\strip-json-comments' -> 'C:\Users\Marwan\AppData\Roaming\npm\node_modules\@angular\cli\node_modules\webpack-dev-server\node_modules\fsevents\node_modules\.strip-json-comments.DELETE'
npm WARN optional SKIPPING OPTIONAL DEPENDENCY: util-deprecate@1.0.2 (node_modules\webpack-dev-server\node_modules\fsevents\node_modules\util-deprecate):
npm WARN enoent SKIPPING OPTIONAL DEPENDENCY: ENOENT: no such file or directory, rename 'C:\Users\Marwan\AppData\Roaming\npm\node_modules\@angular\cli\node_modules\webpack-dev-server\node_modules\fsevents\node_modules\util-deprecate' -> 'C:\Users\Marwan\AppData\Roaming\npm\node_modules\@angular\cli\node_modules\webpack-dev-server\node_modules\fsevents\node_modules\.util-deprecate.DELETE'
npm WARN optional SKIPPING OPTIONAL DEPENDENCY: wrappy@1.0.2 (node_modules\webpack-dev-server\node_modules\fsevents\node_modules\wrappy):
npm WARN enoent SKIPPING OPTIONAL DEPENDENCY: ENOENT: no such file or directory, rename 'C:\Users\Marwan\AppData\Roaming\npm\node_modules\@angular\cli\node_modules\webpack-dev-server\node_modules\fsevents\node_modules\wrappy' -> 'C:\Users\Marwan\AppData\Roaming\npm\node_modules\@angular\cli\node_modules\webpack-dev-server\node_modules\fsevents\node_modules\.wrappy.DELETE'
npm WARN optional SKIPPING OPTIONAL DEPENDENCY: yallist@3.1.1 (node_modules\webpack-dev-server\node_modules\fsevents\node_modules\yallist):
npm WARN enoent SKIPPING OPTIONAL DEPENDENCY: ENOENT: no such file or directory, rename 'C:\Users\Marwan\AppData\Roaming\npm\node_modules\@angular\cli\node_modules\webpack-dev-server\node_modules\fsevents\node_modules\yallist' -> 'C:\Users\Marwan\AppData\Roaming\npm\node_modules\@angular\cli\node_modules\webpack-dev-server\node_modules\fsevents\node_modules\.yallist.DELETE'

+ @angular-devkit/build-angular@0.901.4
added 963 packages from 462 contributors and audited 15477 packages in 208.397s

47 packages are looking for funding
  run `npm fund` for details

found 1 low severity vulnerability
  run `npm audit fix` to fix them, or `npm audit` for details
PS C:\Users\Marwan\AppData\Roaming\npm\node_modules\@angular\cli>  




PS D:\My WEB\Zawaj\ZawajApp-SPA> npm i bootstrap@4.1.1 font-awesome@4.7.0

PS D:\My WEB\Zawaj> git init
PS D:\My WEB\Zawaj> git status
PS D:\My WEB\Zawaj> git config --global user.name "Marwan Al Ali"
PS D:\My WEB\Zawaj> git config --global user.email marwankali@gmail.com
PS D:\My WEB\Zawaj> git remote add origin https://github.com/marwan-al-ali/ZawajApp.git